[Licensing::Module] Trying to connect to existing licensing client channel...
Built from '6000.3/staging' branch; Version is '6000.3.24f1 (4e7b9b5b6244) revision 5143451'; Using compiler version '194234433'; Build Type 'Release'
OS: 'Windows 11  (10.0.22621) CoreSingleLanguage' Language: 'en' Physical Memory: 14188 MB
BatchMode: 1, IsHumanControllingUs: 0, StartBugReporterOnCrash: 0, Is64bit: 1
System  architecture: x64
Process architecture: x64
[Licensing::IpcConnector] Successfully connected to: "LicenseClient-Abhipraya" at "2026-10-03T06:45:06.0416378Z"
Date: 2026-10-03T06:45:06Z
[Licensing::Client] Code 10 while verifying Licensing Client signature (process Id: 25328, path: "D:/Unity/Unity Hub/UnityLicensingClient_V1/Unity.Licensing.Client.exe")
[Licensing::Module] LicensingClient has failed validation; ignoring
[Licensing::Client] Handshaking with LicensingClient:
  Version:                 1.18.3+d7ffd15
  Session Id:              dc9f2d7ca2f14e38b573b0f6131ef490
  Correlation Id:          bff480978959b83a19bee02d085b306e
  External correlation Id: 6135801685657042909
  Machine Id:              m64cI8/X3LCmf/7Yx7np3JoNk6w=
[Licensing::Module] Successfully connected to LicensingClient on channel: "LicenseClient-Abhipraya" (connect: 0.00s, validation: 0.00s, handshake: 0.03s)
[Licensing::IpcConnector] Successfully connected to: "LicenseClient-Abhipraya-notifications" at "2026-10-03T06:45:06.074208Z"
[Licensing::Module] Error: Access token is unavailable; failed to update
[Licensing::Client] Successfully resolved entitlement details
[Licensing::Module] License group:
  Id: 18968256938164-UnityPersXXXX
  Product: Unity Personal
  Type: Assigned
  Expiration: Unlimited
[Licensing::Client] Successfully updated license, isAsync: True, time: 0.00
[Licensing::Client] Successfully resolved entitlement details
[Licensing::Module] Licensing Background thread has ended after 0.04s

COMMAND LINE ARGUMENTS:
D:\Unity\6000.3.24f1\Editor\Unity.exe
-batchmode
-nographics
-projectPath
D:\Unity\RVA 1
-executeMethod
SimpleARPlacement.EditorTools.SimpleARPlacementTool.CreateSceneAndPrefabsBatch
-logFile
D:\Unity\RVA 1\Logs\setup_scene.log
Successfully changed project path to: D:\Unity\RVA 1
D:/Unity/RVA 1
[UnityMemory] Configuration Parameters - Can be set up in boot.config
    "memorysetup-temp-allocator-size-nav-mesh-worker=65536"
    "memorysetup-temp-allocator-size-audio-worker=65536"
    "memorysetup-temp-allocator-size-gfx=262144"
    "memorysetup-allocator-temp-initial-block-size-main=262144"
    "memorysetup-allocator-temp-initial-block-size-worker=262144"
    "memorysetup-temp-allocator-size-background-worker=32768"
    "memorysetup-temp-allocator-size-job-worker=262144"
    "memorysetup-temp-allocator-size-preload-manager=33554432"
    "memorysetup-remapper-allocator-initial-capacity=32768"
    "memorysetup-temp-allocator-size-gi-baking-worker=262144"
    "memorysetup-temp-allocator-size-gi-baking-worker=262144"
    "memorysetup-temp-allocator-size-gi-baking-worker=262144"
    "memorysetup-temp-allocator-size-gi-baking-worker=262144"
    "memorysetup-temp-allocator-size-gi-baking-worker=262144"
    "memorysetup-bucket-allocator-granularity=16"
    "memorysetup-bucket-allocator-bucket-count=8"
    "memorysetup-bucket-allocator-block-size=33554432"
    "memorysetup-bucket-allocator-block-count=8"
    "memorysetup-main-allocator-block-size=16777216"
    "memorysetup-thread-allocator-block-size=16777216"
    "memorysetup-gfx-main-allocator-block-size=16777216"
    "memorysetup-gfx-thread-allocator-block-size=16777216"
    "memorysetup-cache-allocator-block-size=4194304"
    "memorysetup-typetree-allocator-block-size=2097152"
    "memorysetup-profiler-bucket-allocator-granularity=16"
    "memorysetup-profiler-bucket-allocator-bucket-count=8"
    "memorysetup-profiler-bucket-allocator-block-size=33554432"
    "memorysetup-profiler-bucket-allocator-block-count=8"
    "memorysetup-profiler-allocator-block-size=16777216"
    "memorysetup-profiler-editor-allocator-block-size=1048576"
    "memorysetup-temp-allocator-size-main=16777216"
    "memorysetup-job-temp-allocator-block-size=2097152"
    "memorysetup-job-temp-allocator-block-size-background=1048576"
    "memorysetup-job-temp-allocator-reduction-small-platforms=262144"
    "memorysetup-temp-allocator-size-cloud-worker=32768"
Player connection [12276]  Target information:

Player connection [12276]  * "[IP] 192.168.56.1 [Port] 55504 [Flags] 2 [Guid] 2639478665 [EditorId] 2639478665 [Version] 1048832 [Id] WindowsEditor(7,LAPTOP-586RIHMB) [Debug] 1 [PackageName] WindowsEditor [ProjectName] Editor" 

Player connection [12276]  * "[IP] 192.168.1.6 [Port] 55504 [Flags] 2 [Guid] 2639478665 [EditorId] 2639478665 [Version] 1048832 [Id] WindowsEditor(7,LAPTOP-586RIHMB) [Debug] 1 [PackageName] WindowsEditor [ProjectName] Editor" 

Player connection [12276] Host joined multi-casting on [225.0.0.222:54997]...
Player connection [12276] Host joined alternative multi-casting on [225.0.0.222:34997]...
Input System module state changed to: Initialized.
[Physics::Module] Initialized fallback backend.
[Physics::Module] Id: 0xdecafbad
[Package Manager] Connected to IPC stream "Upm-25440" after 0.2 seconds.
[Licensing::Client] Successfully resolved entitlement details
Library Redirect Path: Library/
[Physics::Module] Selected backend.
[Physics::Module] Name: PhysX
[Physics::Module] Id: 0xf2b8ea05
[Physics::Module] SDK Version: 4.1.2
[Physics::Module] Integration Version: 1.0.0
[Physics::Module] Threading Mode: Multi-Threaded
Refreshing native plugins compatible for Editor in 0.21 ms, found 0 plugins.
Preloading 0 native plugins for Editor in 0.00 ms.
Initialize engine version: 6000.3.24f1 (4e7b9b5b6244)
[Subsystems] Discovering subsystems at path D:/Unity/6000.3.24f1/Editor/Data/Resources/UnitySubsystems
[Subsystems] Discovering subsystems at path D:/Unity/RVA 1/Assets
Forcing GfxDevice: Null
GfxDevice: creating device client; kGfxThreadingModeNonThreaded
NullGfxDevice:
    Version:  NULL 1.0 [1.0]
    Renderer: Null Device
    Vendor:   Unity Technologies
Initialize mono
Mono path[0] = 'D:/Unity/6000.3.24f1/Editor/Data/Managed'
Mono path[1] = 'D:/Unity/6000.3.24f1/Editor/Data/MonoBleedingEdge/lib/mono/unityjit-win32'
Mono config path = 'D:/Unity/6000.3.24f1/Editor/Data/MonoBleedingEdge/etc'
Using monoOptions --debugger-agent=transport=dt_socket,embedding=1,server=y,suspend=n,address=127.0.0.1:56440
Using cacheserver namespaces - metadata:defaultmetadata, artifacts:defaultartifacts
Using cacheserver namespaces - metadata:defaultmetadata, artifacts:defaultartifacts
ImportWorker Server TCP listen port: 0
AcceleratorClientConnectionCallback - disconnected - :0
Begin MonoManager ReloadAssembly
Registering precompiled unity dll's ...
Register platform support module: D:/Unity/6000.3.24f1/Editor/Data/PlaybackEngines/WindowsStandaloneSupport/UnityEditor.WindowsStandalone.Extensions.dll
[Licensing::Client] Successfully resolved entitlement details
Register platform support module: D:/Unity/6000.3.24f1/Editor/Data/PlaybackEngines/AndroidPlayer/UnityEditor.Android.Extensions.dll
Registered in 0.002755 seconds.
- Loaded All Assemblies, in  0.383 seconds
Native extension for Android target not found
Native extension for WindowsStandalone target not found
Package Manager log level set to [2]
ScheduleIndexationOnStartup MainProcess:False IndexOnStartup:True
Mono: successfully reloaded assembly
- Finished resetting the current domain, in  0.394 seconds
Domain Reload Profiling: 777ms
	BeginReloadAssembly (127ms)
		ExecutionOrderSort (0ms)
		DisableScriptedObjects (0ms)
		BackupInstance (0ms)
		ReleaseScriptingObjects (0ms)
		CreateAndSetChildDomain (6ms)
	RebuildCommonClasses (38ms)
	RebuildNativeTypeToScriptingClass (12ms)
	initialDomainReloadingComplete (43ms)
	LoadAllAssembliesAndSetupDomain (162ms)
		LoadAssemblies (121ms)
		RebuildTransferFunctionScriptingTraits (0ms)
		AnalyzeDomain (158ms)
			TypeCache.Refresh (157ms)
				TypeCache.ScanAssembly (144ms)
			BuildScriptInfoCaches (0ms)
			ResolveRequiredComponents (0ms)
	FinalizeReload (395ms)
		ReleaseScriptCaches (0ms)
		RebuildScriptCaches (0ms)
		SetupLoadedEditorAssemblies (359ms)
			LogAssemblyErrors (0ms)
			InitializePlatformSupportModulesInManaged (57ms)
			SetLoadedEditorAssemblies (3ms)
			BeforeProcessingInitializeOnLoad (74ms)
			ProcessInitializeOnLoadAttributes (138ms)
			ProcessInitializeOnLoadMethodAttributes (86ms)
			AfterProcessingInitializeOnLoad (0ms)
			EditorAssembliesLoaded (0ms)
		ExecutionOrderSort2 (0ms)
		AwakeInstancesAfterBackupRestoration (0ms)
[Licensing::Client] Successfully resolved entitlement details
Application.AssetDatabase Initial Refresh Start
[Package Manager] Restoring resolved packages state from cache
[Licensing::Client] Successfully resolved entitlement details
[Package Manager] Registered 67 packages:
  Packages from [https://packages.unity.com]:
    com.unity.ide.rider@3.0.40 (location: D:\Unity\RVA 1\Library\PackageCache\com.unity.ide.rider@e4950c6d131b)
    com.unity.inputsystem@1.20.0 (location: D:\Unity\RVA 1\Library\PackageCache\com.unity.inputsystem@7a4e1a2a8194)
    com.unity.learn.iet-framework@6.0.2 (location: D:\Unity\RVA 1\Library\PackageCache\com.unity.learn.iet-framework@d18e3074646c)
    com.unity.mobile.android-logcat@1.4.7 (location: D:\Unity\RVA 1\Library\PackageCache\com.unity.mobile.android-logcat@a8a404f035b3)
    com.unity.xr.arcore@6.5.0 (location: D:\Unity\RVA 1\Library\PackageCache\com.unity.xr.arcore@faa8081af93f)
    com.unity.xr.arfoundation@6.5.0 (location: D:\Unity\RVA 1\Library\PackageCache\com.unity.xr.arfoundation@13d2457b468b)
    com.unity.xr.arkit@6.5.0 (location: D:\Unity\RVA 1\Library\PackageCache\com.unity.xr.arkit@f7ae96e6506f)
    com.unity.xr.interaction.toolkit@3.5.1 (location: D:\Unity\RVA 1\Library\PackageCache\com.unity.xr.interaction.toolkit@63ca3b7ce776)
    com.unity.xr.management@4.6.1 (location: D:\Unity\RVA 1\Library\PackageCache\com.unity.xr.management@df145a5bc89e)
    com.unity.xr.core-utils@2.6.0 (location: D:\Unity\RVA 1\Library\PackageCache\com.unity.xr.core-utils@a8b900321199)
    com.unity.xr.legacyinputhelpers@2.1.13 (location: D:\Unity\RVA 1\Library\PackageCache\com.unity.xr.legacyinputhelpers@9535ff2c27ac)
    com.unity.mathematics@1.3.3 (location: D:\Unity\RVA 1\Library\PackageCache\com.unity.mathematics@19a9377c4ffa)
    com.unity.editorcoroutines@1.1.0 (location: D:\Unity\RVA 1\Library\PackageCache\com.unity.editorcoroutines@87a15ed012c2)
    com.unity.settings-manager@2.1.1 (location: D:\Unity\RVA 1\Library\PackageCache\com.unity.settings-manager@0b8638c5ce86)
    com.unity.ide.visualstudio@2.0.26 (location: D:\Unity\RVA 1\Library\PackageCache\com.unity.ide.visualstudio@a99d56dec63f)
    com.unity.performance.profile-analyzer@1.4.0 (location: D:\Unity\RVA 1\Library\PackageCache\com.unity.performance.profile-analyzer@2bb26871883c)
    com.unity.testtools.codecoverage@1.3.0 (location: D:\Unity\RVA 1\Library\PackageCache\com.unity.testtools.codecoverage@19a841221620)
    com.unity.searcher@4.9.5 (location: D:\Unity\RVA 1\Library\PackageCache\com.unity.searcher@a463122f2c00)
    com.unity.burst@1.8.30 (location: D:\Unity\RVA 1\Library\PackageCache\com.unity.burst@2f3d916873ea)
    com.unity.collections@2.6.8 (location: D:\Unity\RVA 1\Library\PackageCache\com.unity.collections@84e8eb3fc12e)
    com.unity.nuget.mono-cecil@1.11.6 (location: D:\Unity\RVA 1\Library\PackageCache\com.unity.nuget.mono-cecil@ecb9724e46ff)
    com.unity.test-framework.performance@3.5.0 (location: D:\Unity\RVA 1\Library\PackageCache\com.unity.test-framework.performance@8b56083ec0f0)
  Built-in packages:
    com.unity.feature.development@1.0.2 (location: D:\Unity\RVA 1\Library\PackageCache\com.unity.feature.development@767aadbc6eb7)
    com.unity.multiplayer.center@1.0.1 (location: D:\Unity\RVA 1\Library\PackageCache\com.unity.multiplayer.center@f01f4ba8d00a)
    com.unity.render-pipelines.universal@17.3.0 (location: D:\Unity\RVA 1\Library\PackageCache\com.unity.render-pipelines.universal@a8b4b2fc3560)
    com.unity.modules.accessibility@1.0.0 (location: D:\Unity\RVA 1\Library\PackageCache\com.unity.modules.accessibility)
    com.unity.modules.adaptiveperformance@1.0.0 (location: D:\Unity\RVA 1\Library\PackageCache\com.unity.modules.adaptiveperformance)
    com.unity.modules.ai@1.0.0 (location: D:\Unity\RVA 1\Library\PackageCache\com.unity.modules.ai)
    com.unity.modules.androidjni@1.0.0 (location: D:\Unity\RVA 1\Library\PackageCache\com.unity.modules.androidjni)
    com.unity.modules.animation@1.0.0 (location: D:\Unity\RVA 1\Library\PackageCache\com.unity.modules.animation)
    com.unity.modules.assetbundle@1.0.0 (location: D:\Unity\RVA 1\Library\PackageCache\com.unity.modules.assetbundle)
    com.unity.modules.audio@1.0.0 (location: D:\Unity\RVA 1\Library\PackageCache\com.unity.modules.audio)
    com.unity.modules.cloth@1.0.0 (location: D:\Unity\RVA 1\Library\PackageCache\com.unity.modules.cloth)
    com.unity.modules.director@1.0.0 (location: D:\Unity\RVA 1\Library\PackageCache\com.unity.modules.director)
    com.unity.modules.imageconversion@1.0.0 (location: D:\Unity\RVA 1\Library\PackageCache\com.unity.modules.imageconversion)
    com.unity.modules.imgui@1.0.0 (location: D:\Unity\RVA 1\Library\PackageCache\com.unity.modules.imgui)
    com.unity.modules.jsonserialize@1.0.0 (location: D:\Unity\RVA 1\Library\PackageCache\com.unity.modules.jsonserialize)
    com.unity.modules.particlesystem@1.0.0 (location: D:\Unity\RVA 1\Library\PackageCache\com.unity.modules.particlesystem)
    com.unity.modules.physics@1.0.0 (location: D:\Unity\RVA 1\Library\PackageCache\com.unity.modules.physics)
    com.unity.modules.physics2d@1.0.0 (location: D:\Unity\RVA 1\Library\PackageCache\com.unity.modules.physics2d)
    com.unity.modules.screencapture@1.0.0 (location: D:\Unity\RVA 1\Library\PackageCache\com.unity.modules.screencapture)
    com.unity.modules.terrain@1.0.0 (location: D:\Unity\RVA 1\Library\PackageCache\com.unity.modules.terrain)
    com.unity.modules.terrainphysics@1.0.0 (location: D:\Unity\RVA 1\Library\PackageCache\com.unity.modules.terrainphysics)
    com.unity.modules.tilemap@1.0.0 (location: D:\Unity\RVA 1\Library\PackageCache\com.unity.modules.tilemap)
    com.unity.modules.ui@1.0.0 (location: D:\Unity\RVA 1\Library\PackageCache\com.unity.modules.ui)
    com.unity.modules.uielements@1.0.0 (location: D:\Unity\RVA 1\Library\PackageCache\com.unity.modules.uielements)
    com.unity.modules.umbra@1.0.0 (location: D:\Unity\RVA 1\Library\PackageCache\com.unity.modules.umbra)
    com.unity.modules.unityanalytics@1.0.0 (location: D:\Unity\RVA 1\Library\PackageCache\com.unity.modules.unityanalytics)
    com.unity.modules.unitywebrequest@1.0.0 (location: D:\Unity\RVA 1\Library\PackageCache\com.unity.modules.unitywebrequest)
    com.unity.modules.unitywebrequestassetbundle@1.0.0 (location: D:\Unity\RVA 1\Library\PackageCache\com.unity.modules.unitywebrequestassetbundle)
    com.unity.modules.unitywebrequestaudio@1.0.0 (location: D:\Unity\RVA 1\Library\PackageCache\com.unity.modules.unitywebrequestaudio)
    com.unity.modules.unitywebrequesttexture@1.0.0 (location: D:\Unity\RVA 1\Library\PackageCache\com.unity.modules.unitywebrequesttexture)
    com.unity.modules.unitywebrequestwww@1.0.0 (location: D:\Unity\RVA 1\Library\PackageCache\com.unity.modules.unitywebrequestwww)
    com.unity.modules.vectorgraphics@1.0.0 (location: D:\Unity\RVA 1\Library\PackageCache\com.unity.modules.vectorgraphics)
    com.unity.modules.vehicles@1.0.0 (location: D:\Unity\RVA 1\Library\PackageCache\com.unity.modules.vehicles)
    com.unity.modules.video@1.0.0 (location: D:\Unity\RVA 1\Library\PackageCache\com.unity.modules.video)
    com.unity.modules.vr@1.0.0 (location: D:\Unity\RVA 1\Library\PackageCache\com.unity.modules.vr)
    com.unity.modules.wind@1.0.0 (location: D:\Unity\RVA 1\Library\PackageCache\com.unity.modules.wind)
    com.unity.modules.xr@1.0.0 (location: D:\Unity\RVA 1\Library\PackageCache\com.unity.modules.xr)
    com.unity.modules.subsystems@1.0.0 (location: D:\Unity\RVA 1\Library\PackageCache\com.unity.modules.subsystems)
    com.unity.modules.hierarchycore@1.0.0 (location: D:\Unity\RVA 1\Library\PackageCache\com.unity.modules.hierarchycore)
    com.unity.ugui@2.0.0 (location: D:\Unity\RVA 1\Library\PackageCache\com.unity.ugui@b996e7548785)
    com.unity.render-pipelines.core@17.3.0 (location: D:\Unity\RVA 1\Library\PackageCache\com.unity.render-pipelines.core@0bb36005e9ba)
    com.unity.shadergraph@17.3.0 (location: D:\Unity\RVA 1\Library\PackageCache\com.unity.shadergraph@30c2e3926b79)
    com.unity.render-pipelines.universal-config@17.0.3 (location: D:\Unity\RVA 1\Library\PackageCache\com.unity.render-pipelines.universal-config@8dc1aab4af1d)
    com.unity.ext.nunit@2.0.5 (location: D:\Unity\RVA 1\Library\PackageCache\com.unity.ext.nunit@d8c07649098d)
    com.unity.test-framework@1.6.0 (location: D:\Unity\RVA 1\Library\PackageCache\com.unity.test-framework@bd7f943e9647)
[Subsystems] Looking for new subsystems at path D:\Unity\RVA 1\Library\PackageCache\com.unity.xr.arfoundation@13d2457b468b
[Subsystems] Novel subsystem found at Library/PackageCache/com.unity.xr.arfoundation@13d2457b468b/Runtime/UnitySubsystemsManifest.json
[Subsystems] Discovering subsystems at path D:/Unity/6000.3.24f1/Editor/Data/Resources/UnitySubsystems
[Subsystems] Discovering subsystems at path D:/Unity/RVA 1/Assets
[Subsystems] Discovering subsystems at path D:\Unity\RVA 1\Library\PackageCache\com.unity.xr.arfoundation@13d2457b468b
[Subsystems] No descriptors matched for  examples in Library/PackageCache/com.unity.xr.arfoundation@13d2457b468b/Runtime/UnitySubsystemsManifest.json.
[Subsystems] 1 'inputs' descriptors matched in Library/PackageCache/com.unity.xr.arfoundation@13d2457b468b/Runtime/UnitySubsystemsManifest.json
[Subsystems] No descriptors matched for  displays in Library/PackageCache/com.unity.xr.arfoundation@13d2457b468b/Runtime/UnitySubsystemsManifest.json.
[Subsystems] 1 'meshings' descriptors matched in Library/PackageCache/com.unity.xr.arfoundation@13d2457b468b/Runtime/UnitySubsystemsManifest.json
[Package Manager] Done registering packages in 0.02 seconds
[ScriptCompilation] Requested script compilation because: Assetdatabase observed changes in script compilation related files
Starting: D:\Unity\6000.3.24f1\Editor\Data\Tools\BuildPipeline\bee_backend.exe --ipc --defer-dag-verification --dagfile="Library/Bee/1900b0aE.dag" --continue-on-failure --profile="Library/Bee/backend1.traceevents" ScriptAssemblies
WorkingDir: D:/Unity/RVA 1
DisplayProgressbar: Compiling Scripts
ExitCode: 0 Duration: 0s809ms
[ 890/1153  0s] ILPP-Configuration Library/ilpp-configuration.nevergeneratedoutput
[1149/1153  0s] Csc Library/Bee/artifacts/1900b0aE.dag/Assembly-CSharp-Editor.dll (+2 others)
[1150/1153  0s] ILPostProcess Library/Bee/artifacts/1900b0aE.dag/post-processed/Assembly-CSharp-Editor.dll (+pdb)
Processing assembly Library/Bee/artifacts/1900b0aE.dag/Assembly-CSharp-Editor.dll, with 137 defines and 355 references

processors: Unity.Jobs.CodeGen.JobsILPostProcessor, zzzUnity.Burst.CodeGen.BurstILPostProcessor

running Unity.Jobs.CodeGen.JobsILPostProcessor

running zzzUnity.Burst.CodeGen.BurstILPostProcessor
[1151/1153  0s] CopyFiles Library/ScriptAssemblies/Assembly-CSharp-Editor.pdb
[1152/1153  0s] CopyFiles Library/ScriptAssemblies/Assembly-CSharp-Editor.dll
*** Tundra build success (0.78 seconds), 5 items updated, 1153 evaluated
AssetDatabase: script compilation time: 1.215462s
Begin MonoManager ReloadAssembly
Total cache size 63340672
Total cache size after purge 63340672, took 00:00:00.0689747
- Loaded All Assemblies, in  7.961 seconds
Start importing Assets/SimpleARPlacement using Guid(6c9bcd8a14ad88a45ba7d6a752adf5e8) (DefaultImporter) -> (artifact id: '9f266d9d2cc5c0fed2e1ed156d914675') in 0.0257795 seconds
Start importing Assets/SimpleARPlacement/Scripts using Guid(4d81d90ff273d0645b0e3042b354a57b) (DefaultImporter) -> (artifact id: '8d72eaf10ad46c6dd9571e9f1bad26f5') in 0.0071661 seconds
Start importing Assets/SimpleARPlacement/Editor using Guid(bf2090b831c77d549bdb360269fb57a8) (DefaultImporter) -> (artifact id: '96a94dd53e2a26ac4593792294965256') in 0.0064479 seconds
Refreshing native plugins compatible for Editor in 47.43 ms, found 1 plugins.
Native extension for Android target not found
Native extension for WindowsStandalone target not found
ScheduleIndexationOnStartup MainProcess:True IndexOnStartup:True
Mono: successfully reloaded assembly
- Finished resetting the current domain, in  4.095 seconds
Domain Reload Profiling: 12055ms
	BeginReloadAssembly (213ms)
		ExecutionOrderSort (0ms)
		DisableScriptedObjects (21ms)
		BackupInstance (0ms)
		ReleaseScriptingObjects (0ms)
		CreateAndSetChildDomain (53ms)
	RebuildCommonClasses (37ms)
	RebuildNativeTypeToScriptingClass (12ms)
	initialDomainReloadingComplete (26ms)
	LoadAllAssembliesAndSetupDomain (7672ms)
		LoadAssemblies (7285ms)
		RebuildTransferFunctionScriptingTraits (0ms)
		AnalyzeDomain (485ms)
			TypeCache.Refresh (416ms)
				TypeCache.ScanAssembly (403ms)
			BuildScriptInfoCaches (52ms)
			ResolveRequiredComponents (14ms)
	FinalizeReload (4095ms)
		ReleaseScriptCaches (0ms)
		RebuildScriptCaches (0ms)
		SetupLoadedEditorAssemblies (3092ms)
			LogAssemblyErrors (0ms)
			InitializePlatformSupportModulesInManaged (26ms)
			SetLoadedEditorAssemblies (4ms)
			BeforeProcessingInitializeOnLoad (157ms)
			ProcessInitializeOnLoadAttributes (2649ms)
			ProcessInitializeOnLoadMethodAttributes (250ms)
			AfterProcessingInitializeOnLoad (5ms)
			EditorAssembliesLoaded (1ms)
		ExecutionOrderSort2 (0ms)
		AwakeInstancesAfterBackupRestoration (29ms)
Refreshing native plugins compatible for Editor in 2.02 ms, found 1 plugins.
Preloading 0 native plugins for Editor in 0.00 ms.
Asset Pipeline Refresh (id=34ce0cd7393f2874b9eb015bfcb8322b): Total: 14.534 seconds - Initiated by InitialRefreshV2(ForceSynchronousImport)
	Summary:
		Imports: total=3 (actual=3, local cache=0, cache server=0)
		Asset DB Process Time: managed=4 ms, native=4672 ms
		Asset DB Callback time: managed=600 ms, native=28 ms
		Scripting: domain reloads=1, domain reload time=7962 ms, compile time=1218 ms, other=47 ms
		Project Asset Count: scripts=1463, non-scripts=2323
		Asset File Changes: new=0, changed=1, moved=0, deleted=0
		Scan Filter Count: 0
	InvokeCustomDependenciesCallbacks: 0.001ms
	InvokePackagesCallback: 22.156ms
	ApplyChangesToAssetFolders: 0.659ms
	Scan: 109.664ms
	OnSourceAssetsModified: 0.875ms
	CategorizeAssetsWithTransientArtifact: 38.102ms
	ProcessAssetsWithTransientArtifactChanges: 79.788ms
	CategorizeAssets: 102.860ms
	ImportOutOfDateAssets: 4214.678ms (2947.340ms without children)
		ImportManagerImport: 45.478ms (5.180ms without children)
			ImportInProcess: 40.265ms
			UpdateCategorizedAssets: 0.033ms
		CompileScripts: 1217.860ms
		ReloadNativeAssets: 0.050ms
		UnloadImportedAssets: 1.420ms
		ReloadImportedAssets: 0.002ms
		EnsureUptoDateAssetsAreRegisteredWithGuidPM: 0.997ms
		InitializingProgressBar: 0.001ms
		PostProcessAllAssetNotificationsAddChangedAssets: 0.001ms
		OnDemandSchedulerStart: 1.530ms
	PostProcessAllAssets: 603.183ms
	Hotreload: 4.179ms
	GatherAllCurrentPrimaryArtifactRevisions: 0.003ms
	UnloadStreamsBegin: 1.928ms
	PersistCurrentRevisions: 0.285ms
	UnloadStreamsEnd: 0.004ms
	GenerateScriptTypeHashes: 8.758ms
	Untracked: 9355.231ms

Application.AssetDatabase Initial Refresh End
Scanning for USB devices : 2.229ms
Initializing Unity extensions:
[MODES] ModeService[none].Initialize
[MODES] ModeService[none].LoadModes
[MODES] Loading mode Default (0) for mode-current-id-RVA 1
Unloading 70 Unused Serialized files (Serialized files now loaded: 0)
Unloading 5746 unused Assets / (13.3 MB). Loaded Objects now: 6555.
Memory consumption went from 253.6 MB to 240.3 MB.
Total: 15.499500 ms (FindLiveObjects: 0.698300 ms CreateObjectMapping: 0.742200 ms MarkObjects: 7.386500 ms  DeleteObjects: 6.671000 ms)

Start importing Assets/SimpleARPlacement/Prefabs using Guid(219c5f2b5d0e2af4a821d2425c02ea20) (DefaultImporter) -> (artifact id: 'e9bfff698e8fe03469af88a3f8f4b8f8') in 0.0071249 seconds
Refreshing native plugins compatible for Editor in 1.45 ms, found 1 plugins.
Preloading 0 native plugins for Editor in 0.00 ms.
Asset Pipeline Refresh (id=bf8b5b0f7fbfc224e828e8fa613f6b2c): Total: 0.073 seconds - Initiated by StopAssetImportingV2(NoUpdateAssetOptions)
Start importing Assets/SimpleARPlacement/Materials using Guid(f6ef3e715d5508442a8d02787c01ce1e) (DefaultImporter) -> (artifact id: '5123d61e358691164ed7094b5f0bf9b6') in 0.0073663 seconds
Refreshing native plugins compatible for Editor in 1.49 ms, found 1 plugins.
Preloading 0 native plugins for Editor in 0.00 ms.
Asset Pipeline Refresh (id=20d7a1e00a6bd1e458dff0b974de0df5): Total: 0.037 seconds - Initiated by StopAssetImportingV2(NoUpdateAssetOptions)
Start importing Assets/SimpleARPlacement/Textures using Guid(5cd478039cd8c7b4cae7e8e1022b9b69) (DefaultImporter) -> (artifact id: '8c1171db190a17c300eb866e4c84a01d') in 0.0067076 seconds
Refreshing native plugins compatible for Editor in 1.56 ms, found 1 plugins.
Preloading 0 native plugins for Editor in 0.00 ms.
Asset Pipeline Refresh (id=e557efdfecd7e454e84d8c55126117ed): Total: 0.037 seconds - Initiated by StopAssetImportingV2(NoUpdateAssetOptions)
Start importing Assets/SimpleARPlacement/Textures/PlaneGridTexture.asset using Guid(ec32c71fae1dd934f95f5b764c0a4396) (NativeFormatImporter) -> (artifact id: 'ddccd17b07eaf310c04bd967a5f6a3cc') in 0.0017359 seconds
Refreshing native plugins compatible for Editor in 1.83 ms, found 1 plugins.
Preloading 0 native plugins for Editor in 0.00 ms.
Asset Pipeline Refresh (id=c0baec45f5f3b05428ab0fe5ec181e36): Total: 0.047 seconds - Initiated by StopAssetImportingV2(NoUpdateAssetOptions)
Start importing Assets/SimpleARPlacement/Materials/SimpleARPlaneMaterial.mat using Guid(cc42b8e6b9c32b34fb8814717b58da70) (NativeFormatImporter) -> (artifact id: 'a06512750af9ac5ad1ad2751f56eaa31') in 0.0017931 seconds
Refreshing native plugins compatible for Editor in 1.87 ms, found 1 plugins.
Preloading 0 native plugins for Editor in 0.00 ms.
Asset Pipeline Refresh (id=87b0b559b19d46e42b8e8b601557025e): Total: 0.053 seconds - Initiated by StopAssetImportingV2(NoUpdateAssetOptions)
Start importing Assets/SimpleARPlacement/Materials/SimpleChairSeat.mat using Guid(cf4245fc6f680da4bb40145bc0265905) (NativeFormatImporter) -> (artifact id: '704f64601bc9d90d20f9a548132c5167') in 0.0013357 seconds
Refreshing native plugins compatible for Editor in 1.42 ms, found 1 plugins.
Preloading 0 native plugins for Editor in 0.00 ms.
Asset Pipeline Refresh (id=1bd34f7881bec96489cf7f858df78617): Total: 0.035 seconds - Initiated by StopAssetImportingV2(NoUpdateAssetOptions)
Start importing Assets/SimpleARPlacement/Materials/SimpleChairLeg.mat using Guid(4ea725c1341eb2b48be52e3fcd298887) (NativeFormatImporter) -> (artifact id: '979a6121e9eda6c7df2f23909c0f83b8') in 0.0014285 seconds
Refreshing native plugins compatible for Editor in 1.54 ms, found 1 plugins.
Preloading 0 native plugins for Editor in 0.00 ms.
Asset Pipeline Refresh (id=8cfd6ff8dbbe4b347a0df9e882ff37dd): Total: 0.035 seconds - Initiated by StopAssetImportingV2(NoUpdateAssetOptions)
Start importing Assets/SimpleARPlacement/Materials/SimpleARIndicator.mat using Guid(73175d20e83cf884fbc511474c0a4b72) (NativeFormatImporter) -> (artifact id: '344cdc2b6aeaa2420667487f9be0cf3e') in 0.0014568 seconds
Refreshing native plugins compatible for Editor in 1.40 ms, found 1 plugins.
Preloading 0 native plugins for Editor in 0.00 ms.
Asset Pipeline Refresh (id=f289b561a70be0741a4b36c9cdd00452): Total: 0.034 seconds - Initiated by StopAssetImportingV2(NoUpdateAssetOptions)
Can't add 'ARPlane' to SimpleARPlaneVisualizer because a 'ARPlane' is already added to the game object!
UnityEngine.Debug:ExtractStackTraceNoAlloc (byte*,int,string)
UnityEngine.StackTraceUtility:ExtractStackTrace ()
UnityEngine.GameObject:Internal_AddComponentWithType (System.Type)
UnityEngine.GameObject:AddComponent (System.Type)
UnityEngine.GameObject:AddComponent<UnityEngine.XR.ARFoundation.ARPlane> ()
SimpleARPlacement.EditorTools.SimpleARPlacementTool:CreatePlanePrefab (UnityEngine.Material) (at Assets/SimpleARPlacement/Editor/SimpleARPlacementTool.cs:570)
SimpleARPlacement.EditorTools.SimpleARPlacementTool:CreateSceneAndPrefabs () (at Assets/SimpleARPlacement/Editor/SimpleARPlacementTool.cs:176)
SimpleARPlacement.EditorTools.SimpleARPlacementTool:CreateSceneAndPrefabsBatch () (at Assets/SimpleARPlacement/Editor/SimpleARPlacementTool.cs:121)

[Assets/SimpleARPlacement/Editor/SimpleARPlacementTool.cs line 176]

Start importing Assets/SimpleARPlacement/Prefabs/SimpleARPlaneVisualizer.prefab using Guid(c2777a07cf2972842be84b47044e46d5) (PrefabImporter) -> (artifact id: 'b07160b6589035bc0e8c043caa226419') in 0.0104939 seconds
Refreshing native plugins compatible for Editor in 1.49 ms, found 1 plugins.
Preloading 0 native plugins for Editor in 0.00 ms.
Asset Pipeline Refresh (id=46fd9c0e0d1c8e842a12ff6c6a6a286c): Total: 0.045 seconds - Initiated by StopAssetImportingV2(NoUpdateAssetOptions)
[SimpleARPlacement] Prefab plane dibuat: Assets/SimpleARPlacement/Prefabs/SimpleARPlaneVisualizer.prefab
UnityEngine.Debug:ExtractStackTraceNoAlloc (byte*,int,string)
UnityEngine.StackTraceUtility:ExtractStackTrace ()
UnityEngine.DebugLogHandler:Internal_Log (UnityEngine.LogType,UnityEngine.LogOption,string,UnityEngine.Object)
UnityEngine.DebugLogHandler:LogFormat (UnityEngine.LogType,UnityEngine.Object,string,object[])
UnityEngine.Logger:Log (UnityEngine.LogType,object)
UnityEngine.Debug:Log (object)
SimpleARPlacement.EditorTools.SimpleARPlacementTool:CreatePlanePrefab (UnityEngine.Material) (at Assets/SimpleARPlacement/Editor/SimpleARPlacementTool.cs:575)
SimpleARPlacement.EditorTools.SimpleARPlacementTool:CreateSceneAndPrefabs () (at Assets/SimpleARPlacement/Editor/SimpleARPlacementTool.cs:176)
SimpleARPlacement.EditorTools.SimpleARPlacementTool:CreateSceneAndPrefabsBatch () (at Assets/SimpleARPlacement/Editor/SimpleARPlacementTool.cs:121)

(Filename: Assets/SimpleARPlacement/Editor/SimpleARPlacementTool.cs Line: 575)

Start importing Assets/SimpleARPlacement/Prefabs/SimpleChair.prefab using Guid(19adfae23a7959447a657840da1e8b6f) (PrefabImporter) -> (artifact id: 'eecce5280600b0b85c4b2023848700f5') in 0.0092411 seconds
Refreshing native plugins compatible for Editor in 1.51 ms, found 1 plugins.
Preloading 0 native plugins for Editor in 0.00 ms.
Asset Pipeline Refresh (id=53ce190edb5fdf647b505363d475c639): Total: 0.044 seconds - Initiated by StopAssetImportingV2(NoUpdateAssetOptions)
[SimpleARPlacement] Prefab kursi dibuat: Assets/SimpleARPlacement/Prefabs/SimpleChair.prefab
UnityEngine.Debug:ExtractStackTraceNoAlloc (byte*,int,string)
UnityEngine.StackTraceUtility:ExtractStackTrace ()
UnityEngine.DebugLogHandler:Internal_Log (UnityEngine.LogType,UnityEngine.LogOption,string,UnityEngine.Object)
UnityEngine.DebugLogHandler:LogFormat (UnityEngine.LogType,UnityEngine.Object,string,object[])
UnityEngine.Logger:Log (UnityEngine.LogType,object)
UnityEngine.Debug:Log (object)
SimpleARPlacement.EditorTools.SimpleARPlacementTool:CreateChairPrefab (UnityEngine.Material,UnityEngine.Material) (at Assets/SimpleARPlacement/Editor/SimpleARPlacementTool.cs:617)
SimpleARPlacement.EditorTools.SimpleARPlacementTool:CreateSceneAndPrefabs () (at Assets/SimpleARPlacement/Editor/SimpleARPlacementTool.cs:177)
SimpleARPlacement.EditorTools.SimpleARPlacementTool:CreateSceneAndPrefabsBatch () (at Assets/SimpleARPlacement/Editor/SimpleARPlacementTool.cs:121)

(Filename: Assets/SimpleARPlacement/Editor/SimpleARPlacementTool.cs Line: 617)

Unloading 1 Unused Serialized files (Serialized files now loaded: 0)
Unloading 58 unused Assets / (Unknown). Loaded Objects now: 6565.
Memory consumption went from 167.5 MB to 169.4 MB.
Total: 7.959400 ms (FindLiveObjects: 0.333000 ms CreateObjectMapping: 0.165500 ms MarkObjects: 7.375700 ms  DeleteObjects: 0.084500 ms)

Font Asset [LiberationSans SDF - Fallback] Units Per EM set to 2048. Please commit the newly serialized value.
UnityEngine.Debug:ExtractStackTraceNoAlloc (byte*,int,string)
UnityEngine.StackTraceUtility:ExtractStackTrace ()
UnityEngine.DebugLogHandler:Internal_Log (UnityEngine.LogType,UnityEngine.LogOption,string,UnityEngine.Object)
UnityEngine.DebugLogHandler:LogFormat (UnityEngine.LogType,UnityEngine.Object,string,object[])
UnityEngine.Logger:Log (UnityEngine.LogType,object)
UnityEngine.Debug:Log (object)
TMPro.TMP_FontAsset:ReadFontAssetDefinition () (at ./Library/PackageCache/com.unity.ugui@b996e7548785/Runtime/TMP/TMP_FontAsset.cs:822)
TMPro.TMP_FontAsset:OnValidate () (at ./Library/PackageCache/com.unity.ugui@b996e7548785/Runtime/TMP/TMP_FontAsset.cs:760)
UnityEngine.ResourcesAPIInternal:Load (string,System.Type)
UnityEngine.ResourcesAPI:Load (string,System.Type)
UnityEngine.Resources:Load (string,System.Type)
UnityEngine.Resources:Load<TMPro.TMP_Settings> (string)
TMPro.TMP_Settings:get_instance () (at ./Library/PackageCache/com.unity.ugui@b996e7548785/Runtime/TMP/TMP_Settings.cs:455)
TMPro.TMP_Settings:get_defaultFontAsset () (at ./Library/PackageCache/com.unity.ugui@b996e7548785/Runtime/TMP/TMP_Settings.cs:169)
SimpleARPlacement.EditorTools.SimpleARPlacementTool:BuildUI (UnityEngine.GameObject) (at Assets/SimpleARPlacement/Editor/SimpleARPlacementTool.cs:818)
SimpleARPlacement.EditorTools.SimpleARPlacementTool:BuildScene (UnityEngine.GameObject,UnityEngine.GameObject,UnityEngine.Material,UnityEngine.Material) (at Assets/SimpleARPlacement/Editor/SimpleARPlacementTool.cs:654)
SimpleARPlacement.EditorTools.SimpleARPlacementTool:CreateSceneAndPrefabs () (at Assets/SimpleARPlacement/Editor/SimpleARPlacementTool.cs:179)
SimpleARPlacement.EditorTools.SimpleARPlacementTool:CreateSceneAndPrefabsBatch () (at Assets/SimpleARPlacement/Editor/SimpleARPlacementTool.cs:121)

(Filename: ./Library/PackageCache/com.unity.ugui@b996e7548785/Runtime/TMP/TMP_FontAsset.cs Line: 822)

Start importing Assets/SimpleARPlacement/Materials/SimpleARIndicator.mat using Guid(73175d20e83cf884fbc511474c0a4b72) (NativeFormatImporter) -> (artifact id: '19b4851114c873bb8cd270956effb6cd') in 0.0016926 seconds
Start importing Assets/SimpleARPlacement/Materials/SimpleARPlaneMaterial.mat using Guid(cc42b8e6b9c32b34fb8814717b58da70) (NativeFormatImporter) -> (artifact id: '1f1b8bf69cbed481f86a5c73d94af46e') in 0.0011949 seconds
Start importing Assets/SimpleARPlacement/Materials/SimpleChairLeg.mat using Guid(4ea725c1341eb2b48be52e3fcd298887) (NativeFormatImporter) -> (artifact id: 'ca87d8aafd2ffef74faf8747e65053f4') in 0.0010939 seconds
Start importing Assets/SimpleARPlacement/Materials/SimpleChairSeat.mat using Guid(cf4245fc6f680da4bb40145bc0265905) (NativeFormatImporter) -> (artifact id: '0069a37811701486bbe321002251748b') in 0.0010705 seconds
Refreshing native plugins compatible for Editor in 1.39 ms, found 1 plugins.
Preloading 0 native plugins for Editor in 0.00 ms.
Asset Pipeline Refresh (id=b959df87408b0ed43a37d25a2948ca75): Total: 0.046 seconds - Initiated by StopAssetImportingV2(NoUpdateAssetOptions)
Start importing Assets/Scenes/SimpleARPlacement.unity using Guid(e1f6e00bff3cad24e9cdbf2dfca38187) (DefaultImporter) -> (artifact id: '63e442d2bd44096f27a153c8b118b63e') in 0.0007984 seconds
Refreshing native plugins compatible for Editor in 1.43 ms, found 1 plugins.
Preloading 0 native plugins for Editor in 0.00 ms.
Asset Pipeline Refresh (id=feb0f6e70f0e50344b0f6dfa75f35916): Total: 0.035 seconds - Initiated by StopAssetImportingV2(NoUpdateAssetOptions)
[SimpleARPlacement] jdkRootPath = D:/Unity/6000.3.24f1/Editor/Data\PlaybackEngines\AndroidPlayer\OpenJDK
UnityEngine.Debug:ExtractStackTraceNoAlloc (byte*,int,string)
UnityEngine.StackTraceUtility:ExtractStackTrace ()
UnityEngine.DebugLogHandler:Internal_Log (UnityEngine.LogType,UnityEngine.LogOption,string,UnityEngine.Object)
UnityEngine.DebugLogHandler:LogFormat (UnityEngine.LogType,UnityEngine.Object,string,object[])
UnityEngine.Logger:Log (UnityEngine.LogType,object)
UnityEngine.Debug:Log (object)
SimpleARPlacement.EditorTools.SimpleARPlacementTool:SetAndroidToolsProperty (System.Type,string,string) (at Assets/SimpleARPlacement/Editor/SimpleARPlacementTool.cs:386)
SimpleARPlacement.EditorTools.SimpleARPlacementTool:ConfigureAndroidToolsPaths () (at Assets/SimpleARPlacement/Editor/SimpleARPlacementTool.cs:361)
SimpleARPlacement.EditorTools.SimpleARPlacementTool:ApplyAndroidPlayerSettings () (at Assets/SimpleARPlacement/Editor/SimpleARPlacementTool.cs:338)
SimpleARPlacement.EditorTools.SimpleARPlacementTool:BuildScene (UnityEngine.GameObject,UnityEngine.GameObject,UnityEngine.Material,UnityEngine.Material) (at Assets/SimpleARPlacement/Editor/SimpleARPlacementTool.cs:681)
SimpleARPlacement.EditorTools.SimpleARPlacementTool:CreateSceneAndPrefabs () (at Assets/SimpleARPlacement/Editor/SimpleARPlacementTool.cs:179)
SimpleARPlacement.EditorTools.SimpleARPlacementTool:CreateSceneAndPrefabsBatch () (at Assets/SimpleARPlacement/Editor/SimpleARPlacementTool.cs:121)

(Filename: Assets/SimpleARPlacement/Editor/SimpleARPlacementTool.cs Line: 386)

[SimpleARPlacement] sdkRootPath = D:/Unity/6000.3.24f1/Editor/Data\PlaybackEngines\AndroidPlayer\SDK
UnityEngine.Debug:ExtractStackTraceNoAlloc (byte*,int,string)
UnityEngine.StackTraceUtility:ExtractStackTrace ()
UnityEngine.DebugLogHandler:Internal_Log (UnityEngine.LogType,UnityEngine.LogOption,string,UnityEngine.Object)
UnityEngine.DebugLogHandler:LogFormat (UnityEngine.LogType,UnityEngine.Object,string,object[])
UnityEngine.Logger:Log (UnityEngine.LogType,object)
UnityEngine.Debug:Log (object)
SimpleARPlacement.EditorTools.SimpleARPlacementTool:SetAndroidToolsProperty (System.Type,string,string) (at Assets/SimpleARPlacement/Editor/SimpleARPlacementTool.cs:386)
SimpleARPlacement.EditorTools.SimpleARPlacementTool:ConfigureAndroidToolsPaths () (at Assets/SimpleARPlacement/Editor/SimpleARPlacementTool.cs:362)
SimpleARPlacement.EditorTools.SimpleARPlacementTool:ApplyAndroidPlayerSettings () (at Assets/SimpleARPlacement/Editor/SimpleARPlacementTool.cs:338)
SimpleARPlacement.EditorTools.SimpleARPlacementTool:BuildScene (UnityEngine.GameObject,UnityEngine.GameObject,UnityEngine.Material,UnityEngine.Material) (at Assets/SimpleARPlacement/Editor/SimpleARPlacementTool.cs:681)
SimpleARPlacement.EditorTools.SimpleARPlacementTool:CreateSceneAndPrefabs () (at Assets/SimpleARPlacement/Editor/SimpleARPlacementTool.cs:179)
SimpleARPlacement.EditorTools.SimpleARPlacementTool:CreateSceneAndPrefabsBatch () (at Assets/SimpleARPlacement/Editor/SimpleARPlacementTool.cs:121)

(Filename: Assets/SimpleARPlacement/Editor/SimpleARPlacementTool.cs Line: 386)

[SimpleARPlacement] ndkRootPath = D:/Unity/6000.3.24f1/Editor/Data\PlaybackEngines\AndroidPlayer\NDK
UnityEngine.Debug:ExtractStackTraceNoAlloc (byte*,int,string)
UnityEngine.StackTraceUtility:ExtractStackTrace ()
UnityEngine.DebugLogHandler:Internal_Log (UnityEngine.LogType,UnityEngine.LogOption,string,UnityEngine.Object)
UnityEngine.DebugLogHandler:LogFormat (UnityEngine.LogType,UnityEngine.Object,string,object[])
UnityEngine.Logger:Log (UnityEngine.LogType,object)
UnityEngine.Debug:Log (object)
SimpleARPlacement.EditorTools.SimpleARPlacementTool:SetAndroidToolsProperty (System.Type,string,string) (at Assets/SimpleARPlacement/Editor/SimpleARPlacementTool.cs:386)
SimpleARPlacement.EditorTools.SimpleARPlacementTool:ConfigureAndroidToolsPaths () (at Assets/SimpleARPlacement/Editor/SimpleARPlacementTool.cs:363)
SimpleARPlacement.EditorTools.SimpleARPlacementTool:ApplyAndroidPlayerSettings () (at Assets/SimpleARPlacement/Editor/SimpleARPlacementTool.cs:338)
SimpleARPlacement.EditorTools.SimpleARPlacementTool:BuildScene (UnityEngine.GameObject,UnityEngine.GameObject,UnityEngine.Material,UnityEngine.Material) (at Assets/SimpleARPlacement/Editor/SimpleARPlacementTool.cs:681)
SimpleARPlacement.EditorTools.SimpleARPlacementTool:CreateSceneAndPrefabs () (at Assets/SimpleARPlacement/Editor/SimpleARPlacementTool.cs:179)
SimpleARPlacement.EditorTools.SimpleARPlacementTool:CreateSceneAndPrefabsBatch () (at Assets/SimpleARPlacement/Editor/SimpleARPlacementTool.cs:121)

(Filename: Assets/SimpleARPlacement/Editor/SimpleARPlacementTool.cs Line: 386)

[SimpleARPlacement] Scene disimpan: Assets/Scenes/SimpleARPlacement.unity
UnityEngine.Debug:ExtractStackTraceNoAlloc (byte*,int,string)
UnityEngine.StackTraceUtility:ExtractStackTrace ()
UnityEngine.DebugLogHandler:Internal_Log (UnityEngine.LogType,UnityEngine.LogOption,string,UnityEngine.Object)
UnityEngine.DebugLogHandler:LogFormat (UnityEngine.LogType,UnityEngine.Object,string,object[])
UnityEngine.Logger:Log (UnityEngine.LogType,object)
UnityEngine.Debug:Log (object)
SimpleARPlacement.EditorTools.SimpleARPlacementTool:BuildScene (UnityEngine.GameObject,UnityEngine.GameObject,UnityEngine.Material,UnityEngine.Material) (at Assets/SimpleARPlacement/Editor/SimpleARPlacementTool.cs:683)
SimpleARPlacement.EditorTools.SimpleARPlacementTool:CreateSceneAndPrefabs () (at Assets/SimpleARPlacement/Editor/SimpleARPlacementTool.cs:179)
SimpleARPlacement.EditorTools.SimpleARPlacementTool:CreateSceneAndPrefabsBatch () (at Assets/SimpleARPlacement/Editor/SimpleARPlacementTool.cs:121)

(Filename: Assets/SimpleARPlacement/Editor/SimpleARPlacementTool.cs Line: 683)

[SimpleARPlacement] Objek AR Session: AR Session, Rig: XR Origin (AR Rig), UI: SimpleAR Placement UI
UnityEngine.Debug:ExtractStackTraceNoAlloc (byte*,int,string)
UnityEngine.StackTraceUtility:ExtractStackTrace ()
UnityEngine.DebugLogHandler:Internal_Log (UnityEngine.LogType,UnityEngine.LogOption,string,UnityEngine.Object)
UnityEngine.DebugLogHandler:LogFormat (UnityEngine.LogType,UnityEngine.Object,string,object[])
UnityEngine.Logger:Log (UnityEngine.LogType,object)
UnityEngine.Debug:Log (object)
SimpleARPlacement.EditorTools.SimpleARPlacementTool:BuildScene (UnityEngine.GameObject,UnityEngine.GameObject,UnityEngine.Material,UnityEngine.Material) (at Assets/SimpleARPlacement/Editor/SimpleARPlacementTool.cs:684)
SimpleARPlacement.EditorTools.SimpleARPlacementTool:CreateSceneAndPrefabs () (at Assets/SimpleARPlacement/Editor/SimpleARPlacementTool.cs:179)
SimpleARPlacement.EditorTools.SimpleARPlacementTool:CreateSceneAndPrefabsBatch () (at Assets/SimpleARPlacement/Editor/SimpleARPlacementTool.cs:121)

(Filename: Assets/SimpleARPlacement/Editor/SimpleARPlacementTool.cs Line: 684)

Start importing ProjectSettings/ProjectSettings.asset using Guid(00000000000000004000000000000000) (LibraryAssetImporter) -> (artifact id: 'd37cf9bd0e4ba900aab1322c19e80137') in 0.007595 seconds
Start importing ProjectSettings/EditorBuildSettings.asset using Guid(0000000000000000b000000000000000) (LibraryAssetImporter) -> (artifact id: '0dbe34aec53494a66608c46a5038ba0f') in 0.0010783 seconds
Refreshing native plugins compatible for Editor in 1.42 ms, found 1 plugins.
Preloading 0 native plugins for Editor in 0.00 ms.
Asset Pipeline Refresh (id=565206a429ecc43408868de09ee9df99): Total: 0.037 seconds - Initiated by StopAssetImportingV2(NoUpdateAssetOptions)
Asset Pipeline Refresh (id=db37f9308a518c54289035c920c63538): Total: 0.007 seconds - Initiated by RefreshV2(NoUpdateAssetOptions)
[SimpleARPlacement] OK: scene, prefab, dan material dibuat.
UnityEngine.Debug:ExtractStackTraceNoAlloc (byte*,int,string)
UnityEngine.StackTraceUtility:ExtractStackTrace ()
UnityEngine.DebugLogHandler:Internal_Log (UnityEngine.LogType,UnityEngine.LogOption,string,UnityEngine.Object)
UnityEngine.DebugLogHandler:LogFormat (UnityEngine.LogType,UnityEngine.Object,string,object[])
UnityEngine.Logger:Log (UnityEngine.LogType,object)
UnityEngine.Debug:Log (object)
SimpleARPlacement.EditorTools.SimpleARPlacementTool:CreateSceneAndPrefabsBatch () (at Assets/SimpleARPlacement/Editor/SimpleARPlacementTool.cs:122)

(Filename: Assets/SimpleARPlacement/Editor/SimpleARPlacementTool.cs Line: 122)

Killing ADB server in 0.1921385 seconds.
[Physics::Module] Cleanup current backend.
[Physics::Module] Id: 0xf2b8ea05
Input System module state changed to: ShutdownInProgress.
Input System polling thread exited.
Input System module state changed to: Shutdown.
[Licensing::IpcConnector] LicenseClient-Abhipraya-notifications channel disconnected successfully.
[Licensing::IpcConnector] LicenseClient-Abhipraya channel disconnected successfully.
AcceleratorClientConnectionCallback - disconnected - :0
Cleanup mono
Checking for leaked weakptr:
  Found no leaked weakptrs.
[Package Manager] Server process was shutdown
##utp:{"type":"MemoryLeaks","version":2,"phase":"Immediate","time":1791009925893,"processId":25440,"allocatedMemory":14600305,"memoryLabels":[{"Default":29313},{"Permanent":15236},{"NewDelete":67587},{"Thread":4230384},{"Manager":32445},{"VertexData":8},{"Geometry":816},{"Texture":160},{"Shader":79331},{"Material":24},{"GfxDevice":55872},{"Animation":392},{"Audio":3040},{"FreeType":8},{"FontEngine":736},{"Physics":1970},{"Physics2D":16},{"Serialization":592},{"Input":14984},{"JobScheduler":33024},{"TextLib":280},{"Mono":32},{"MonoCode":64},{"ScriptingNativeRuntime":155060},{"BaseObject":1620272},{"Resource":1336},{"Renderer":3000},{"Transform":4685},{"File":12704},{"WebCam":616},{"Culling":32},{"Terrain":11394},{"Wind":24},{"STL":40},{"String":19083},{"DynamicArray":120172},{"HashMap":86532},{"Utility":2660278},{"Curl":2478},{"PoolAlloc":2152},{"AI":80},{"TypeTree":13861},{"ScriptManager":512},{"RuntimeInitializeOnLoadManager":64},{"SpriteAtlas":112},{"GI":7792},{"Director":8240},{"CloudService":9352},{"WebRequest":5388},{"VR":48138},{"SceneManager":504},{"Video":64},{"LazyScriptCache":32},{"Camera":17},{"Secure":2377},{"SerializationCache":1576},{"APIUpdating":10320},{"Subsystems":192},{"VirtualTexturing":57888},{"StaticSafetyDebugInfo":278528},{"Analytics":640},{"Hierarchy":608},{"CoreStats":13112},{"Identifiers":6480},{"Gui":96},{"EditorUtility":112553},{"VersionControl":4},{"Undo":947},{"AssetDatabase":4696837},{"EditorGi":328},{"UnityConnect":29208},{"Upm":1896},{"AssetCompliance":64},{"DrivenProperties":72},{"LocalIPC":268},{"ProfilerEditor":9746},{"CoreBusinessMetrics":3516},{"Licensing":12761},{"AssetReference":32},{"IPCStream":32}]}
~StackAllocator(ALLOC_TEMP_MAIN) m_LastAlloc not NULL. Did you forget to call FreeAllStackAllocations()? To get more information, run app with -diag-temp-memory-leak-validation cmd line argument
